[0m00:16:21.895320 [debug] [MainThread]: Sending event: {'category': 'dbt', 'action': 'invocation', 'label': 'start', 'context': [<snowplow_tracker.self_describing_json.SelfDescribingJson object at 0x7615484c89e0>, <snowplow_tracker.self_describing_json.SelfDescribingJson object at 0x761546d6c3b0>, <snowplow_tracker.self_describing_json.SelfDescribingJson object at 0x76154688ed50>]}


============================== 00:16:21.898591 | fe64dc58-46a2-4b04-afcd-c5f82557589a ==============================
[0m00:16:21.898591 [info ] [MainThread]: Running with dbt=1.12.5
[0m00:16:21.899212 [debug] [MainThread]: running dbt with arguments {'partial_parse': 'True', 'printer_width': '80', 'fail_fast': 'False', 'maximum_seed_size_mib': '1', 'empty': 'False', 'version_check': 'True', 'log_format': 'default', 'profiles_dir': '/home/d4nd14z/.dbt', 'warn_error': 'None', 'use_experimental_parser': 'False', 'invocation_command': 'dbt run', 'write_json': 'True', 'cache_selected_only': 'False', 'warn_error_options': 'WarnErrorOptionsV2(error=[], warn=[], silence=[])', 'quiet': 'False', 'debug': 'False', 'log_cache_events': 'False', 'introspect': 'True', 'hints_enabled': 'True', 'target_path': 'None', 'indirect_selection': 'eager', 'log_path': '/run/media/d4nd14z/Desarrollo/Data Analytics/TLC Trip Record Data/taxi_project/logs', 'use_colors': 'True', 'static_parser': 'True', 'no_print': 'None', 'send_anonymous_usage_stats': 'True'}
[0m00:16:22.163203 [debug] [MainThread]: Sending event: {'category': 'dbt', 'action': 'project_id', 'label': 'fe64dc58-46a2-4b04-afcd-c5f82557589a', 'context': [<snowplow_tracker.self_describing_json.SelfDescribingJson object at 0x761541756ff0>]}
[0m00:16:22.246061 [debug] [MainThread]: Sending event: {'category': 'dbt', 'action': 'adapter_info', 'label': 'fe64dc58-46a2-4b04-afcd-c5f82557589a', 'context': [<snowplow_tracker.self_describing_json.SelfDescribingJson object at 0x761546077b60>]}
[0m00:16:22.248085 [info ] [MainThread]: Registered adapter: duckdb=1.11.0
[0m00:16:22.354352 [debug] [MainThread]: checksum: f9e79cb9fecb6fce04e5fe541980172bada49fc34dffd57641f6b6357921ad81, vars: {}, profile: taxi_project, target: dev, version: 1.12.5
[0m00:16:22.355029 [info ] [MainThread]: Unable to do partial parsing because saved manifest not found. Starting full parse.
[0m00:16:22.355474 [debug] [MainThread]: Sending event: {'category': 'dbt', 'action': 'partial_parser', 'label': 'fe64dc58-46a2-4b04-afcd-c5f82557589a', 'context': [<snowplow_tracker.self_describing_json.SelfDescribingJson object at 0x76154536bb90>]}
[0m00:16:24.116754 [debug] [MainThread]: Sending event: {'category': 'dbt', 'action': 'load_project', 'label': 'fe64dc58-46a2-4b04-afcd-c5f82557589a', 'context': [<snowplow_tracker.self_describing_json.SelfDescribingJson object at 0x76153d29fb60>]}
[0m00:16:24.246071 [debug] [MainThread]: Wrote artifact WritableManifest to /run/media/d4nd14z/Desarrollo/Data Analytics/TLC Trip Record Data/taxi_project/target/manifest.json
[0m00:16:24.248728 [debug] [MainThread]: Wrote artifact SemanticManifest to /run/media/d4nd14z/Desarrollo/Data Analytics/TLC Trip Record Data/taxi_project/target/semantic_manifest.json
[0m00:16:24.262242 [debug] [MainThread]: Wrote artifact OsiDocument to /run/media/d4nd14z/Desarrollo/Data Analytics/TLC Trip Record Data/taxi_project/target/osi_document.json
[0m00:16:24.270799 [debug] [MainThread]: Sending event: {'category': 'dbt', 'action': 'resource_counts', 'label': 'fe64dc58-46a2-4b04-afcd-c5f82557589a', 'context': [<snowplow_tracker.self_describing_json.SelfDescribingJson object at 0x761522e293a0>]}
[0m00:16:24.271263 [info ] [MainThread]: Found 3 models, 4 data tests, 500 macros
[0m00:16:24.271646 [debug] [MainThread]: Sending event: {'category': 'dbt', 'action': 'runnable_timing', 'label': 'fe64dc58-46a2-4b04-afcd-c5f82557589a', 'context': [<snowplow_tracker.self_describing_json.SelfDescribingJson object at 0x761522f901a0>]}
[0m00:16:24.274592 [info ] [MainThread]: 
[0m00:16:24.275091 [info ] [MainThread]: Concurrency: 1 threads (target='dev')
[0m00:16:24.275476 [info ] [MainThread]: 
[0m00:16:24.276621 [debug] [MainThread]: Acquiring new duckdb connection 'master'
[0m00:16:24.284710 [debug] [ThreadPool]: Acquiring new duckdb connection 'list_dev'
[0m00:16:24.319725 [debug] [ThreadPool]: Using duckdb connection "list_dev"
[0m00:16:24.320157 [debug] [ThreadPool]: On list_dev: /* {"app": "dbt", "dbt_version": "1.12.5", "profile_name": "taxi_project", "target_name": "dev", "connection_name": "list_dev"} */

    
    select schema_name
    from system.information_schema.schemata
    
    where lower(catalog_name) = '"dev"'
    
  
  
[0m00:16:24.320456 [debug] [ThreadPool]: Opening a new connection, currently in state init
[0m00:16:24.334152 [debug] [ThreadPool]: SQL status: OK in 0.014 seconds
[0m00:16:24.335465 [debug] [ThreadPool]: On list_dev: Close
[0m00:16:24.336351 [debug] [ThreadPool]: Re-using an available connection from the pool (formerly list_dev, now create_dev_main)
[0m00:16:24.336811 [debug] [ThreadPool]: Creating schema "database: "dev"
schema: "main"
"
[0m00:16:24.345053 [debug] [ThreadPool]: Using duckdb connection "create_dev_main"
[0m00:16:24.345424 [debug] [ThreadPool]: On create_dev_main: /* {"app": "dbt", "dbt_version": "1.12.5", "profile_name": "taxi_project", "target_name": "dev", "connection_name": "create_dev_main"} */

    
        select type from duckdb_databases()
        where lower(database_name)='dev'
        and type != 'duckdb'
    
  
[0m00:16:24.345715 [debug] [ThreadPool]: Opening a new connection, currently in state closed
[0m00:16:24.346847 [debug] [ThreadPool]: SQL status: OK in 0.001 seconds
[0m00:16:24.348473 [debug] [ThreadPool]: Using duckdb connection "create_dev_main"
[0m00:16:24.348850 [debug] [ThreadPool]: On create_dev_main: BEGIN
[0m00:16:24.349606 [debug] [ThreadPool]: SQL status: OK in 0.000 seconds
[0m00:16:24.349909 [debug] [ThreadPool]: Using duckdb connection "create_dev_main"
[0m00:16:24.350264 [debug] [ThreadPool]: On create_dev_main: /* {"app": "dbt", "dbt_version": "1.12.5", "profile_name": "taxi_project", "target_name": "dev", "connection_name": "create_dev_main"} */

    
    
        create schema if not exists "dev"."main"
    
[0m00:16:24.350878 [debug] [ThreadPool]: SQL status: OK in 0.000 seconds
[0m00:16:24.351721 [debug] [ThreadPool]: On create_dev_main: COMMIT
[0m00:16:24.352093 [debug] [ThreadPool]: Using duckdb connection "create_dev_main"
[0m00:16:24.352384 [debug] [ThreadPool]: On create_dev_main: COMMIT
[0m00:16:24.352871 [debug] [ThreadPool]: SQL status: OK in 0.000 seconds
[0m00:16:24.353265 [debug] [ThreadPool]: On create_dev_main: Close
[0m00:16:24.355053 [debug] [ThreadPool]: Re-using an available connection from the pool (formerly create_dev_main, now list_dev_main)
[0m00:16:24.359357 [debug] [ThreadPool]: Using duckdb connection "list_dev_main"
[0m00:16:24.359686 [debug] [ThreadPool]: On list_dev_main: BEGIN
[0m00:16:24.360027 [debug] [ThreadPool]: Opening a new connection, currently in state closed
[0m00:16:24.360881 [debug] [ThreadPool]: SQL status: OK in 0.001 seconds
[0m00:16:24.361245 [debug] [ThreadPool]: Using duckdb connection "list_dev_main"
[0m00:16:24.361543 [debug] [ThreadPool]: On list_dev_main: /* {"app": "dbt", "dbt_version": "1.12.5", "profile_name": "taxi_project", "target_name": "dev", "connection_name": "list_dev_main"} */
select
      'dev' as database,
      table_name as name,
      table_schema as schema,
      CASE table_type
        WHEN 'BASE TABLE' THEN 'table'
        WHEN 'VIEW' THEN 'view'
        WHEN 'LOCAL TEMPORARY' THEN 'table'
        END as type
    from system.information_schema.tables
    where lower(table_schema) = 'main'
    and lower(table_catalog) = 'dev'
  
[0m00:16:24.364897 [debug] [ThreadPool]: SQL status: OK in 0.003 seconds
[0m00:16:24.366410 [debug] [ThreadPool]: On list_dev_main: ROLLBACK
[0m00:16:24.367395 [debug] [ThreadPool]: On list_dev_main: Close
[0m00:16:24.368710 [debug] [MainThread]: Sending event: {'category': 'dbt', 'action': 'runnable_timing', 'label': 'fe64dc58-46a2-4b04-afcd-c5f82557589a', 'context': [<snowplow_tracker.self_describing_json.SelfDescribingJson object at 0x76154540f110>]}
[0m00:16:24.369554 [debug] [MainThread]: Using duckdb connection "master"
[0m00:16:24.369891 [debug] [MainThread]: On master: BEGIN
[0m00:16:24.370212 [debug] [MainThread]: Opening a new connection, currently in state init
[0m00:16:24.370888 [debug] [MainThread]: SQL status: OK in 0.001 seconds
[0m00:16:24.371230 [debug] [MainThread]: On master: COMMIT
[0m00:16:24.371571 [debug] [MainThread]: Using duckdb connection "master"
[0m00:16:24.371860 [debug] [MainThread]: On master: COMMIT
[0m00:16:24.372355 [debug] [MainThread]: SQL status: OK in 0.000 seconds
[0m00:16:24.372666 [debug] [MainThread]: On master: Close
[0m00:16:24.375202 [debug] [Thread-1 (]: Began running node model.taxi_project.my_first_dbt_model
[0m00:16:24.375987 [info ] [Thread-1 (]: 1 of 3 START sql table model main.my_first_dbt_model ........................... [RUN]
[0m00:16:24.376717 [debug] [Thread-1 (]: Re-using an available connection from the pool (formerly list_dev_main, now model.taxi_project.my_first_dbt_model)
[0m00:16:24.377235 [debug] [Thread-1 (]: Began compiling node model.taxi_project.my_first_dbt_model
[0m00:16:24.383817 [debug] [Thread-1 (]: Writing injected SQL for node "model.taxi_project.my_first_dbt_model"
[0m00:16:24.384483 [debug] [Thread-1 (]: Began executing node model.taxi_project.my_first_dbt_model
[0m00:16:24.436045 [debug] [Thread-1 (]: Writing runtime sql for node "model.taxi_project.my_first_dbt_model"
[0m00:16:24.437005 [debug] [Thread-1 (]: Using duckdb connection "model.taxi_project.my_first_dbt_model"
[0m00:16:24.437353 [debug] [Thread-1 (]: On model.taxi_project.my_first_dbt_model: BEGIN
[0m00:16:24.437681 [debug] [Thread-1 (]: Opening a new connection, currently in state closed
[0m00:16:24.438481 [debug] [Thread-1 (]: SQL status: OK in 0.001 seconds
[0m00:16:24.439040 [debug] [Thread-1 (]: Using duckdb connection "model.taxi_project.my_first_dbt_model"
[0m00:16:24.439509 [debug] [Thread-1 (]: On model.taxi_project.my_first_dbt_model: /* {"app": "dbt", "dbt_version": "1.12.5", "profile_name": "taxi_project", "target_name": "dev", "node_id": "model.taxi_project.my_first_dbt_model"} */

    

    create  table
      "dev"."main"."my_first_dbt_model__dbt_tmp"
  
    
    as (
      /*
    Welcome to your first dbt model!
    Did you know that you can also configure models directly within SQL files?
    This will override configurations stated in dbt_project.yml

    Try changing "table" to "view" below
*/



with source_data as (

    select 1 as id
    union all
    select null as id

)

select *
from source_data

/*
    Uncomment the line below to remove records with null `id` values
*/

-- where id is not null
    );
    
  
[0m00:16:24.441533 [debug] [Thread-1 (]: SQL status: OK in 0.001 seconds
[0m00:16:24.446897 [debug] [Thread-1 (]: Using duckdb connection "model.taxi_project.my_first_dbt_model"
[0m00:16:24.447330 [debug] [Thread-1 (]: On model.taxi_project.my_first_dbt_model: /* {"app": "dbt", "dbt_version": "1.12.5", "profile_name": "taxi_project", "target_name": "dev", "node_id": "model.taxi_project.my_first_dbt_model"} */
alter table "dev"."main"."my_first_dbt_model__dbt_tmp" rename to "my_first_dbt_model"
[0m00:16:24.448131 [debug] [Thread-1 (]: SQL status: OK in 0.000 seconds
[0m00:16:24.462703 [debug] [Thread-1 (]: On model.taxi_project.my_first_dbt_model: COMMIT
[0m00:16:24.463129 [debug] [Thread-1 (]: Using duckdb connection "model.taxi_project.my_first_dbt_model"
[0m00:16:24.463465 [debug] [Thread-1 (]: On model.taxi_project.my_first_dbt_model: COMMIT
[0m00:16:24.467235 [debug] [Thread-1 (]: SQL status: OK in 0.003 seconds
[0m00:16:24.473503 [debug] [Thread-1 (]: Using duckdb connection "model.taxi_project.my_first_dbt_model"
[0m00:16:24.474158 [debug] [Thread-1 (]: On model.taxi_project.my_first_dbt_model: /* {"app": "dbt", "dbt_version": "1.12.5", "profile_name": "taxi_project", "target_name": "dev", "node_id": "model.taxi_project.my_first_dbt_model"} */

      drop table if exists "dev"."main"."my_first_dbt_model__dbt_backup" cascade
    
[0m00:16:24.475891 [debug] [Thread-1 (]: SQL status: OK in 0.000 seconds
[0m00:16:24.478222 [debug] [Thread-1 (]: On model.taxi_project.my_first_dbt_model: Close
[0m00:16:24.479650 [debug] [Thread-1 (]: Sending event: {'category': 'dbt', 'action': 'run_model', 'label': 'fe64dc58-46a2-4b04-afcd-c5f82557589a', 'context': [<snowplow_tracker.self_describing_json.SelfDescribingJson object at 0x761522e6d5e0>]}
[0m00:16:24.480302 [info ] [Thread-1 (]: 1 of 3 OK created sql table model main.my_first_dbt_model ...................... [[32mOK[0m in 0.10s]
[0m00:16:24.481082 [debug] [Thread-1 (]: Finished running node model.taxi_project.my_first_dbt_model
[0m00:16:24.482105 [debug] [Thread-1 (]: Began running node model.taxi_project.stg_yellow_tripdata
[0m00:16:24.483016 [info ] [Thread-1 (]: 2 of 3 START sql view model main.stg_yellow_tripdata ........................... [RUN]
[0m00:16:24.483792 [debug] [Thread-1 (]: Re-using an available connection from the pool (formerly model.taxi_project.my_first_dbt_model, now model.taxi_project.stg_yellow_tripdata)
[0m00:16:24.484542 [debug] [Thread-1 (]: Began compiling node model.taxi_project.stg_yellow_tripdata
[0m00:16:24.485872 [debug] [Thread-1 (]: Writing injected SQL for node "model.taxi_project.stg_yellow_tripdata"
[0m00:16:24.486539 [debug] [Thread-1 (]: Began executing node model.taxi_project.stg_yellow_tripdata
[0m00:16:24.504427 [debug] [Thread-1 (]: Writing runtime sql for node "model.taxi_project.stg_yellow_tripdata"
[0m00:16:24.505263 [debug] [Thread-1 (]: Using duckdb connection "model.taxi_project.stg_yellow_tripdata"
[0m00:16:24.505685 [debug] [Thread-1 (]: On model.taxi_project.stg_yellow_tripdata: BEGIN
[0m00:16:24.506115 [debug] [Thread-1 (]: Opening a new connection, currently in state closed
[0m00:16:24.506801 [debug] [Thread-1 (]: SQL status: OK in 0.001 seconds
[0m00:16:24.507197 [debug] [Thread-1 (]: Using duckdb connection "model.taxi_project.stg_yellow_tripdata"
[0m00:16:24.507533 [debug] [Thread-1 (]: On model.taxi_project.stg_yellow_tripdata: /* {"app": "dbt", "dbt_version": "1.12.5", "profile_name": "taxi_project", "target_name": "dev", "node_id": "model.taxi_project.stg_yellow_tripdata"} */

  
  create view "dev"."main"."stg_yellow_tripdata__dbt_tmp" as (
    SELECT * FROM read_parquet("data/yellow_tripdata_*.parquet", filename=true)
  );

[0m00:16:24.510134 [debug] [Thread-1 (]: SQL status: OK in 0.002 seconds
[0m00:16:24.513392 [debug] [Thread-1 (]: Using duckdb connection "model.taxi_project.stg_yellow_tripdata"
[0m00:16:24.514047 [debug] [Thread-1 (]: On model.taxi_project.stg_yellow_tripdata: /* {"app": "dbt", "dbt_version": "1.12.5", "profile_name": "taxi_project", "target_name": "dev", "node_id": "model.taxi_project.stg_yellow_tripdata"} */
alter view "dev"."main"."stg_yellow_tripdata__dbt_tmp" rename to "stg_yellow_tripdata"
[0m00:16:24.515024 [debug] [Thread-1 (]: SQL status: OK in 0.000 seconds
[0m00:16:24.516775 [debug] [Thread-1 (]: On model.taxi_project.stg_yellow_tripdata: COMMIT
[0m00:16:24.517226 [debug] [Thread-1 (]: Using duckdb connection "model.taxi_project.stg_yellow_tripdata"
[0m00:16:24.517586 [debug] [Thread-1 (]: On model.taxi_project.stg_yellow_tripdata: COMMIT
[0m00:16:24.520487 [debug] [Thread-1 (]: SQL status: OK in 0.002 seconds
[0m00:16:24.522448 [debug] [Thread-1 (]: Using duckdb connection "model.taxi_project.stg_yellow_tripdata"
[0m00:16:24.522801 [debug] [Thread-1 (]: On model.taxi_project.stg_yellow_tripdata: /* {"app": "dbt", "dbt_version": "1.12.5", "profile_name": "taxi_project", "target_name": "dev", "node_id": "model.taxi_project.stg_yellow_tripdata"} */

      drop view if exists "dev"."main"."stg_yellow_tripdata__dbt_backup" cascade
    
[0m00:16:24.523597 [debug] [Thread-1 (]: SQL status: OK in 0.000 seconds
[0m00:16:24.525285 [debug] [Thread-1 (]: On model.taxi_project.stg_yellow_tripdata: Close
[0m00:16:24.525840 [debug] [Thread-1 (]: Sending event: {'category': 'dbt', 'action': 'run_model', 'label': 'fe64dc58-46a2-4b04-afcd-c5f82557589a', 'context': [<snowplow_tracker.self_describing_json.SelfDescribingJson object at 0x761522346e70>]}
[0m00:16:24.527201 [info ] [Thread-1 (]: 2 of 3 OK created sql view model main.stg_yellow_tripdata ...................... [[32mOK[0m in 0.04s]
[0m00:16:24.527797 [debug] [Thread-1 (]: Finished running node model.taxi_project.stg_yellow_tripdata
[0m00:16:24.528232 [debug] [Thread-1 (]: Began running node model.taxi_project.my_second_dbt_model
[0m00:16:24.528659 [info ] [Thread-1 (]: 3 of 3 START sql view model main.my_second_dbt_model ........................... [RUN]
[0m00:16:24.529283 [debug] [Thread-1 (]: Re-using an available connection from the pool (formerly model.taxi_project.stg_yellow_tripdata, now model.taxi_project.my_second_dbt_model)
[0m00:16:24.529768 [debug] [Thread-1 (]: Began compiling node model.taxi_project.my_second_dbt_model
[0m00:16:24.531415 [debug] [Thread-1 (]: Writing injected SQL for node "model.taxi_project.my_second_dbt_model"
[0m00:16:24.532050 [debug] [Thread-1 (]: Began executing node model.taxi_project.my_second_dbt_model
[0m00:16:24.535991 [debug] [Thread-1 (]: Writing runtime sql for node "model.taxi_project.my_second_dbt_model"
[0m00:16:24.536569 [debug] [Thread-1 (]: Using duckdb connection "model.taxi_project.my_second_dbt_model"
[0m00:16:24.536912 [debug] [Thread-1 (]: On model.taxi_project.my_second_dbt_model: BEGIN
[0m00:16:24.537284 [debug] [Thread-1 (]: Opening a new connection, currently in state closed
[0m00:16:24.538046 [debug] [Thread-1 (]: SQL status: OK in 0.001 seconds
[0m00:16:24.538387 [debug] [Thread-1 (]: Using duckdb connection "model.taxi_project.my_second_dbt_model"
[0m00:16:24.538721 [debug] [Thread-1 (]: On model.taxi_project.my_second_dbt_model: /* {"app": "dbt", "dbt_version": "1.12.5", "profile_name": "taxi_project", "target_name": "dev", "node_id": "model.taxi_project.my_second_dbt_model"} */

  
  create view "dev"."main"."my_second_dbt_model__dbt_tmp" as (
    -- Use the `ref` function to select from other models

select *
from "dev"."main"."my_first_dbt_model"
where id = 1
  );

[0m00:16:24.539548 [debug] [Thread-1 (]: SQL status: OK in 0.000 seconds
[0m00:16:24.542385 [debug] [Thread-1 (]: Using duckdb connection "model.taxi_project.my_second_dbt_model"
[0m00:16:24.542751 [debug] [Thread-1 (]: On model.taxi_project.my_second_dbt_model: /* {"app": "dbt", "dbt_version": "1.12.5", "profile_name": "taxi_project", "target_name": "dev", "node_id": "model.taxi_project.my_second_dbt_model"} */
alter view "dev"."main"."my_second_dbt_model__dbt_tmp" rename to "my_second_dbt_model"
[0m00:16:24.543544 [debug] [Thread-1 (]: SQL status: OK in 0.000 seconds
[0m00:16:24.545176 [debug] [Thread-1 (]: On model.taxi_project.my_second_dbt_model: COMMIT
[0m00:16:24.545701 [debug] [Thread-1 (]: Using duckdb connection "model.taxi_project.my_second_dbt_model"
[0m00:16:24.546155 [debug] [Thread-1 (]: On model.taxi_project.my_second_dbt_model: COMMIT
[0m00:16:24.548427 [debug] [Thread-1 (]: SQL status: OK in 0.002 seconds
[0m00:16:24.550421 [debug] [Thread-1 (]: Using duckdb connection "model.taxi_project.my_second_dbt_model"
[0m00:16:24.550783 [debug] [Thread-1 (]: On model.taxi_project.my_second_dbt_model: /* {"app": "dbt", "dbt_version": "1.12.5", "profile_name": "taxi_project", "target_name": "dev", "node_id": "model.taxi_project.my_second_dbt_model"} */

      drop view if exists "dev"."main"."my_second_dbt_model__dbt_backup" cascade
    
[0m00:16:24.551584 [debug] [Thread-1 (]: SQL status: OK in 0.000 seconds
[0m00:16:24.552832 [debug] [Thread-1 (]: On model.taxi_project.my_second_dbt_model: Close
[0m00:16:24.553389 [debug] [Thread-1 (]: Sending event: {'category': 'dbt', 'action': 'run_model', 'label': 'fe64dc58-46a2-4b04-afcd-c5f82557589a', 'context': [<snowplow_tracker.self_describing_json.SelfDescribingJson object at 0x761522e2a120>]}
[0m00:16:24.553953 [info ] [Thread-1 (]: 3 of 3 OK created sql view model main.my_second_dbt_model ...................... [[32mOK[0m in 0.02s]
[0m00:16:24.554849 [debug] [Thread-1 (]: Finished running node model.taxi_project.my_second_dbt_model
[0m00:16:24.557058 [debug] [MainThread]: Using duckdb connection "master"
[0m00:16:24.557425 [debug] [MainThread]: On master: BEGIN
[0m00:16:24.557714 [debug] [MainThread]: Opening a new connection, currently in state closed
[0m00:16:24.558437 [debug] [MainThread]: SQL status: OK in 0.001 seconds
[0m00:16:24.558736 [debug] [MainThread]: On master: COMMIT
[0m00:16:24.559091 [debug] [MainThread]: Using duckdb connection "master"
[0m00:16:24.559375 [debug] [MainThread]: On master: COMMIT
[0m00:16:24.559849 [debug] [MainThread]: SQL status: OK in 0.000 seconds
[0m00:16:24.560388 [debug] [MainThread]: On master: Close
[0m00:16:24.560830 [debug] [MainThread]: Connection 'master' was properly closed.
[0m00:16:24.561180 [debug] [MainThread]: Connection 'model.taxi_project.my_second_dbt_model' was properly closed.
[0m00:16:24.561526 [info ] [MainThread]: 
[0m00:16:24.561984 [info ] [MainThread]: Finished running 1 table model, 2 view models in 0 hours 0 minutes and 0.29 seconds (0.29s).
[0m00:16:24.562901 [debug] [MainThread]: Command end result
[0m00:16:24.629355 [debug] [MainThread]: Wrote artifact WritableManifest to /run/media/d4nd14z/Desarrollo/Data Analytics/TLC Trip Record Data/taxi_project/target/manifest.json
[0m00:16:24.632445 [debug] [MainThread]: Wrote artifact SemanticManifest to /run/media/d4nd14z/Desarrollo/Data Analytics/TLC Trip Record Data/taxi_project/target/semantic_manifest.json
[0m00:16:24.634818 [debug] [MainThread]: Wrote artifact OsiDocument to /run/media/d4nd14z/Desarrollo/Data Analytics/TLC Trip Record Data/taxi_project/target/osi_document.json
[0m00:16:24.642345 [debug] [MainThread]: Wrote artifact RunExecutionResult to /run/media/d4nd14z/Desarrollo/Data Analytics/TLC Trip Record Data/taxi_project/target/run_results.json
[0m00:16:24.642871 [info ] [MainThread]: 
[0m00:16:24.643345 [info ] [MainThread]: [32mCompleted successfully[0m
[0m00:16:24.643655 [info ] [MainThread]: 
[0m00:16:24.644058 [info ] [MainThread]: Done. PASS=3 WARN=0 ERROR=0 SKIP=0 NO-OP=0 REUSED=0 TOTAL=3
[0m00:16:24.645140 [debug] [MainThread]: Resource report: {"command_name": "run", "command_success": true, "command_wall_clock_time": 2.8469744, "process_in_blocks": "1272", "process_kernel_time": 0.217805, "process_mem_max_rss": "171340", "process_out_blocks": "3864", "process_user_time": 4.291159}
[0m00:16:24.645861 [debug] [MainThread]: Command `dbt run` succeeded at 00:16:24.645736 after 2.85 seconds
[0m00:16:24.646312 [debug] [MainThread]: Sending event: {'category': 'dbt', 'action': 'invocation', 'label': 'end', 'context': [<snowplow_tracker.self_describing_json.SelfDescribingJson object at 0x76153c050890>, <snowplow_tracker.self_describing_json.SelfDescribingJson object at 0x761546046240>, <snowplow_tracker.self_describing_json.SelfDescribingJson object at 0x76153c1d7920>]}
[0m00:16:24.646689 [debug] [MainThread]: Flushing usage events
[0m00:16:25.112227 [debug] [MainThread]: An error was encountered while trying to flush usage events
